Archive member included because of file (symbol)

c:/winavr-20100110/bin/../lib/gcc/avr/4.3.3/../../../../avr/lib/avr4\libc.a(exit.o)
                              c:/winavr-20100110/bin/../lib/gcc/avr/4.3.3/../../../../avr/lib/avr4/crtm88pa.o (exit)
c:/winavr-20100110/bin/../lib/gcc/avr/4.3.3/avr4\libgcc.a(_udivmodhi4.o)
                              testevfd.o (__udivmodhi4)
c:/winavr-20100110/bin/../lib/gcc/avr/4.3.3/avr4\libgcc.a(_exit.o)
                              c:/winavr-20100110/bin/../lib/gcc/avr/4.3.3/../../../../avr/lib/avr4\libc.a(exit.o) (_exit)
c:/winavr-20100110/bin/../lib/gcc/avr/4.3.3/avr4\libgcc.a(_copy_data.o)
                              testevfd.o (__do_copy_data)
c:/winavr-20100110/bin/../lib/gcc/avr/4.3.3/avr4\libgcc.a(_clear_bss.o)
                              testevfd.o (__do_clear_bss)

Allocating common symbols
Common symbol       size              file

buffer              0xa               testevfd.o

Memory Configuration

Name             Origin             Length             Attributes
text             0x00000000         0x00002000         xr
data             0x00800060         0x0000ffa0         rw !x
eeprom           0x00810000         0x00010000         rw !x
fuse             0x00820000         0x00000400         rw !x
lock             0x00830000         0x00000400         rw !x
signature        0x00840000         0x00000400         rw !x
*default*        0x00000000         0xffffffff

Linker script and memory map

Address of section .data set to 0x800100
LOAD c:/winavr-20100110/bin/../lib/gcc/avr/4.3.3/../../../../avr/lib/avr4/crtm88pa.o
LOAD testevfd.o
LOAD usart.o
LOAD c:/winavr-20100110/bin/../lib/gcc/avr/4.3.3/../../../../avr/lib/avr4\libc.a
LOAD c:/winavr-20100110/bin/../lib/gcc/avr/4.3.3/../../../../avr/lib/avr4\libm.a
LOAD c:/winavr-20100110/bin/../lib/gcc/avr/4.3.3/avr4\libgcc.a
LOAD c:/winavr-20100110/bin/../lib/gcc/avr/4.3.3/../../../../avr/lib/avr4\libc.a
LOAD c:/winavr-20100110/bin/../lib/gcc/avr/4.3.3/avr4\libgcc.a

.hash
 *(.hash)

.dynsym
 *(.dynsym)

.dynstr
 *(.dynstr)

.gnu.version
 *(.gnu.version)

.gnu.version_d
 *(.gnu.version_d)

.gnu.version_r
 *(.gnu.version_r)

.rel.init
 *(.rel.init)

.rela.init
 *(.rela.init)

.rel.text
 *(.rel.text)
 *(.rel.text.*)
 *(.rel.gnu.linkonce.t*)

.rela.text
 *(.rela.text)
 *(.rela.text.*)
 *(.rela.gnu.linkonce.t*)

.rel.fini
 *(.rel.fini)

.rela.fini
 *(.rela.fini)

.rel.rodata
 *(.rel.rodata)
 *(.rel.rodata.*)
 *(.rel.gnu.linkonce.r*)

.rela.rodata
 *(.rela.rodata)
 *(.rela.rodata.*)
 *(.rela.gnu.linkonce.r*)

.rel.data
 *(.rel.data)
 *(.rel.data.*)
 *(.rel.gnu.linkonce.d*)

.rela.data
 *(.rela.data)
 *(.rela.data.*)
 *(.rela.gnu.linkonce.d*)

.rel.ctors
 *(.rel.ctors)

.rela.ctors
 *(.rela.ctors)

.rel.dtors
 *(.rel.dtors)

.rela.dtors
 *(.rela.dtors)

.rel.got
 *(.rel.got)

.rela.got
 *(.rela.got)

.rel.bss
 *(.rel.bss)

.rela.bss
 *(.rela.bss)

.rel.plt
 *(.rel.plt)

.rela.plt
 *(.rela.plt)

.text           0x00000000      0x286
 *(.vectors)
 .vectors       0x00000000       0x34 c:/winavr-20100110/bin/../lib/gcc/avr/4.3.3/../../../../avr/lib/avr4/crtm88pa.o
                0x00000000                __vectors
                0x00000000                __vector_default
 *(.vectors)
 *(.progmem.gcc*)
 *(.progmem*)
                0x00000034                . = ALIGN (0x2)
                0x00000034                __trampolines_start = .
 *(.trampolines)
 .trampolines   0x00000034        0x0 linker stubs
 *(.trampolines*)
                0x00000034                __trampolines_end = .
 *(.jumptables)
 *(.jumptables*)
 *(.lowtext)
 *(.lowtext*)
                0x00000034                __ctors_start = .
 *(.ctors)
                0x00000034                __ctors_end = .
                0x00000034                __dtors_start = .
 *(.dtors)
                0x00000034                __dtors_end = .
 SORT(*)(.ctors)
 SORT(*)(.dtors)
 *(.init0)
 .init0         0x00000034        0x0 c:/winavr-20100110/bin/../lib/gcc/avr/4.3.3/../../../../avr/lib/avr4/crtm88pa.o
                0x00000034                __init
 *(.init0)
 *(.init1)
 *(.init1)
 *(.init2)
 .init2         0x00000034        0xc c:/winavr-20100110/bin/../lib/gcc/avr/4.3.3/../../../../avr/lib/avr4/crtm88pa.o
 *(.init2)
 *(.init3)
 *(.init3)
 *(.init4)
 .init4         0x00000040       0x16 c:/winavr-20100110/bin/../lib/gcc/avr/4.3.3/avr4\libgcc.a(_copy_data.o)
                0x00000040                __do_copy_data
 .init4         0x00000056       0x10 c:/winavr-20100110/bin/../lib/gcc/avr/4.3.3/avr4\libgcc.a(_clear_bss.o)
                0x00000056                __do_clear_bss
 *(.init4)
 *(.init5)
 *(.init5)
 *(.init6)
 *(.init6)
 *(.init7)
 *(.init7)
 *(.init8)
 *(.init8)
 *(.init9)
 .init9         0x00000066        0x4 c:/winavr-20100110/bin/../lib/gcc/avr/4.3.3/../../../../avr/lib/avr4/crtm88pa.o
 *(.init9)
 *(.text)
 .text          0x0000006a        0x2 c:/winavr-20100110/bin/../lib/gcc/avr/4.3.3/../../../../avr/lib/avr4/crtm88pa.o
                0x0000006a                __vector_22
                0x0000006a                __vector_1
                0x0000006a                __vector_24
                0x0000006a                __vector_12
                0x0000006a                __bad_interrupt
                0x0000006a                __vector_6
                0x0000006a                __vector_3
                0x0000006a                __vector_23
                0x0000006a                __vector_25
                0x0000006a                __vector_13
                0x0000006a                __vector_17
                0x0000006a                __vector_19
                0x0000006a                __vector_7
                0x0000006a                __vector_5
                0x0000006a                __vector_4
                0x0000006a                __vector_9
                0x0000006a                __vector_2
                0x0000006a                __vector_21
                0x0000006a                __vector_15
                0x0000006a                __vector_8
                0x0000006a                __vector_14
                0x0000006a                __vector_10
                0x0000006a                __vector_16
                0x0000006a                __vector_20
 .text          0x0000006c      0x10e testevfd.o
                0x0000006c                IntToStr
                0x000000aa                __vector_11
                0x000000c6                main
 .text          0x0000017a       0xdc usart.o
                0x000001d0                uart_puts
                0x0000017a                uart_init
                0x000001ea                uart_puts_P
                0x0000019e                uart_getc
                0x000001c0                uart_putc
                0x00000218                __vector_18
                0x00000204                uart_rx_buffer_empty
 .text          0x00000256        0x0 c:/winavr-20100110/bin/../lib/gcc/avr/4.3.3/../../../../avr/lib/avr4\libc.a(exit.o)
 .text          0x00000256        0x0 c:/winavr-20100110/bin/../lib/gcc/avr/4.3.3/avr4\libgcc.a(_udivmodhi4.o)
 .text          0x00000256        0x0 c:/winavr-20100110/bin/../lib/gcc/avr/4.3.3/avr4\libgcc.a(_exit.o)
 .text          0x00000256        0x0 c:/winavr-20100110/bin/../lib/gcc/avr/4.3.3/avr4\libgcc.a(_copy_data.o)
 .text          0x00000256        0x0 c:/winavr-20100110/bin/../lib/gcc/avr/4.3.3/avr4\libgcc.a(_clear_bss.o)
                0x00000256                . = ALIGN (0x2)
 *(.text.*)
 .text.avr-libc
                0x00000256        0x4 c:/winavr-20100110/bin/../lib/gcc/avr/4.3.3/../../../../avr/lib/avr4\libc.a(exit.o)
                0x00000256                exit
 .text.libgcc   0x0000025a       0x28 c:/winavr-20100110/bin/../lib/gcc/avr/4.3.3/avr4\libgcc.a(_udivmodhi4.o)
                0x0000025a                __udivmodhi4
 .text.libgcc   0x00000282        0x0 c:/winavr-20100110/bin/../lib/gcc/avr/4.3.3/avr4\libgcc.a(_exit.o)
 .text.libgcc   0x00000282        0x0 c:/winavr-20100110/bin/../lib/gcc/avr/4.3.3/avr4\libgcc.a(_copy_data.o)
 .text.libgcc   0x00000282        0x0 c:/winavr-20100110/bin/../lib/gcc/avr/4.3.3/avr4\libgcc.a(_clear_bss.o)
                0x00000282                . = ALIGN (0x2)
 *(.fini9)
 .fini9         0x00000282        0x0 c:/winavr-20100110/bin/../lib/gcc/avr/4.3.3/avr4\libgcc.a(_exit.o)
                0x00000282                _exit
 *(.fini9)
 *(.fini8)
 *(.fini8)
 *(.fini7)
 *(.fini7)
 *(.fini6)
 *(.fini6)
 *(.fini5)
 *(.fini5)
 *(.fini4)
 *(.fini4)
 *(.fini3)
 *(.fini3)
 *(.fini2)
 *(.fini2)
 *(.fini1)
 *(.fini1)
 *(.fini0)
 .fini0         0x00000282        0x4 c:/winavr-20100110/bin/../lib/gcc/avr/4.3.3/avr4\libgcc.a(_exit.o)
 *(.fini0)
                0x00000286                _etext = .

.data           0x00800100        0xc load address 0x00000286
                0x00800100                PROVIDE (__data_start, .)
 *(.data)
 .data          0x00800100        0x0 c:/winavr-20100110/bin/../lib/gcc/avr/4.3.3/../../../../avr/lib/avr4/crtm88pa.o
 .data          0x00800100        0xb testevfd.o
 .data          0x0080010b        0x0 usart.o
 .data          0x0080010b        0x0 c:/winavr-20100110/bin/../lib/gcc/avr/4.3.3/../../../../avr/lib/avr4\libc.a(exit.o)
 .data          0x0080010b        0x0 c:/winavr-20100110/bin/../lib/gcc/avr/4.3.3/avr4\libgcc.a(_udivmodhi4.o)
 .data          0x0080010b        0x0 c:/winavr-20100110/bin/../lib/gcc/avr/4.3.3/avr4\libgcc.a(_exit.o)
 .data          0x0080010b        0x0 c:/winavr-20100110/bin/../lib/gcc/avr/4.3.3/avr4\libgcc.a(_copy_data.o)
 .data          0x0080010b        0x0 c:/winavr-20100110/bin/../lib/gcc/avr/4.3.3/avr4\libgcc.a(_clear_bss.o)
 *(.data*)
 *(.rodata)
 *(.rodata*)
 *(.gnu.linkonce.d*)
                0x0080010c                . = ALIGN (0x2)
 *fill*         0x0080010b        0x1 00
                0x0080010c                _edata = .
                0x0080010c                PROVIDE (__data_end, .)

.bss            0x0080010c       0x2c
                0x0080010c                PROVIDE (__bss_start, .)
 *(.bss)
 .bss           0x0080010c        0x0 c:/winavr-20100110/bin/../lib/gcc/avr/4.3.3/../../../../avr/lib/avr4/crtm88pa.o
 .bss           0x0080010c        0x0 testevfd.o
 .bss           0x0080010c       0x22 usart.o
 .bss           0x0080012e        0x0 c:/winavr-20100110/bin/../lib/gcc/avr/4.3.3/../../../../avr/lib/avr4\libc.a(exit.o)
 .bss           0x0080012e        0x0 c:/winavr-20100110/bin/../lib/gcc/avr/4.3.3/avr4\libgcc.a(_udivmodhi4.o)
 .bss           0x0080012e        0x0 c:/winavr-20100110/bin/../lib/gcc/avr/4.3.3/avr4\libgcc.a(_exit.o)
 .bss           0x0080012e        0x0 c:/winavr-20100110/bin/../lib/gcc/avr/4.3.3/avr4\libgcc.a(_copy_data.o)
 .bss           0x0080012e        0x0 c:/winavr-20100110/bin/../lib/gcc/avr/4.3.3/avr4\libgcc.a(_clear_bss.o)
 *(.bss*)
 *(COMMON)
 COMMON         0x0080012e        0xa testevfd.o
                0x0080012e                buffer
                0x00800138                PROVIDE (__bss_end, .)
                0x00000286                __data_load_start = LOADADDR (.data)
                0x00000292                __data_load_end = (__data_load_start + SIZEOF (.data))

.noinit         0x00800138        0x0
                0x00800138                PROVIDE (__noinit_start, .)
 *(.noinit*)
                0x00800138                PROVIDE (__noinit_end, .)
                0x00800138                _end = .
                0x00800138                PROVIDE (__heap_start, .)

.eeprom         0x00810000        0x0
 *(.eeprom*)
                0x00810000                __eeprom_end = .

.fuse
 *(.fuse)
 *(.lfuse)
 *(.hfuse)
 *(.efuse)

.lock
 *(.lock*)

.signature
 *(.signature*)

.stab
 *(.stab)

.stabstr
 *(.stabstr)

.stab.excl
 *(.stab.excl)

.stab.exclstr
 *(.stab.exclstr)

.stab.index
 *(.stab.index)

.stab.indexstr
 *(.stab.indexstr)

.comment
 *(.comment)

.debug
 *(.debug)

.line
 *(.line)

.debug_srcinfo
 *(.debug_srcinfo)

.debug_sfnames
 *(.debug_sfnames)

.debug_aranges  0x00000000       0x40
 *(.debug_aranges)
 .debug_aranges
                0x00000000       0x20 testevfd.o
 .debug_aranges
                0x00000020       0x20 usart.o

.debug_pubnames
                0x00000000       0xc6
 *(.debug_pubnames)
 .debug_pubnames
                0x00000000       0x43 testevfd.o
 .debug_pubnames
                0x00000043       0x83 usart.o

.debug_info     0x00000000      0x38e
 *(.debug_info)
 .debug_info    0x00000000      0x136 testevfd.o
 .debug_info    0x00000136      0x258 usart.o
 *(.gnu.linkonce.wi.*)

.debug_abbrev   0x00000000      0x259
 *(.debug_abbrev)
 .debug_abbrev  0x00000000       0xeb testevfd.o
 .debug_abbrev  0x000000eb      0x16e usart.o

.debug_line     0x00000000      0x3aa
 *(.debug_line)
 .debug_line    0x00000000      0x1d5 testevfd.o
 .debug_line    0x000001d5      0x1d5 usart.o

.debug_frame    0x00000000       0xc0
 *(.debug_frame)
 .debug_frame   0x00000000       0x40 testevfd.o
 .debug_frame   0x00000040       0x80 usart.o

.debug_str      0x00000000      0x16a
 *(.debug_str)
 .debug_str     0x00000000       0xbb testevfd.o
                                 0xf4 (size before relaxing)
 .debug_str     0x000000bb       0xaf usart.o
                                0x165 (size before relaxing)

.debug_loc      0x00000000      0x10f
 *(.debug_loc)
 .debug_loc     0x00000000       0x68 testevfd.o
 .debug_loc     0x00000068       0xa7 usart.o

.debug_macinfo
 *(.debug_macinfo)
OUTPUT(teste2-usart.elf elf32-avr)
LOAD linker stubs

.debug_ranges   0x00000000       0x30
 .debug_ranges  0x00000000       0x30 usart.o
